// Jest Snapshot v1, https://goo.gl/fbAQLP

exports[`<CustomMap /> component tests Render test 1`] = `undefined`;
